{
    "id": "@uuid@",
    "type": "4_zones_a",
    "published": false,
    "has_archived_state": false,
    "has_published_state": false,
    "created_at": "@string@.isDateTime()",
    "updated_at": "@string@.isDateTime()",
    "archive_created_at": null,
    "archive_updated_at": null,
    "shared": false,
    "name": "My new layout name",
    "description": "My new layout description",
    "main_locale": "en",
    "available_locales": {
        "en": "English",
        "hr": "Croatian"
    },
    "zones": {
        "bottom": {
            "identifier": "bottom",
            "name": "Bottom",
            "block_ids": [],
            "allowed_block_definitions": true,
            "linked_layout_id": null,
            "linked_zone_identifier": null
        },
        "left": {
            "identifier": "left",
            "name": "Left",
            "block_ids": [
                "@uuid@"
            ],
            "allowed_block_definitions": true,
            "linked_layout_id": null,
            "linked_zone_identifier": null
        },
        "right": {
            "identifier": "right",
            "name": "Right",
            "block_ids": [
                "@uuid@",
                "@uuid@"
            ],
            "allowed_block_definitions": true,
            "linked_layout_id": null,
            "linked_zone_identifier": null
        },
        "top": {
            "identifier": "top",
            "name": "Top",
            "block_ids": [],
            "allowed_block_definitions": [
                "title"
            ],
            "linked_layout_id": null,
            "linked_zone_identifier": null
        }
    }
}
