{
    "id": "28df256a-2467-5527-b398-9269ccc652de",
    "layout_id": "81168ed3-86f9-55ea-b153-101f96f2c136",
    "definition_identifier": "list",
    "name": "My published block",
    "parent_position": 0,
    "parameters": {
        "number_of_columns": 3,
        "paged_collections:enabled": null,
        "paged_collections:type": null,
        "paged_collections:max_pages": null,
        "paged_collections:ajax_first": null,
        "css_class": null,
        "css_id": null,
        "set_container": null
    },
    "view_type": "grid",
    "item_view_type": "standard_with_intro",
    "published": false,
    "has_published_state": true,
    "locale": "en",
    "is_translatable": true,
    "always_available": true,
    "is_container": false,
    "placeholders": [],
    "collections": {
        "default": {
            "identifier": "default",
            "collection_id": "45a6e6f5-0ae7-588b-bf2a-0e4cc24ec60a",
            "collection_type": 1,
            "offset": 0,
            "limit": null
        },
        "featured": {
            "identifier": "featured",
            "collection_id": "da050624-8ae0-5fb9-ae85-092bf8242b89",
            "collection_type": 1,
            "offset": 4,
            "limit": 2
        }
    },
    "config": []
}
