{
    "items": [
        {
            "id": null,
            "collection_id": null,
            "visible": true,
            "is_dynamic": true,
            "cms_url": "/value/140/some/url",
            "cms_visible": true,
            "value": 140,
            "value_type": "my_value_type",
            "item_view_type": null,
            "name": "Value with ID #140",
            "config": [],
            "position": 0,
            "slot_id": null,
            "slot_view_type": null
        },
        {
            "id": null,
            "collection_id": null,
            "visible": true,
            "is_dynamic": true,
            "cms_url": "/value/79/some/url",
            "cms_visible": true,
            "value": 79,
            "value_type": "my_value_type",
            "item_view_type": null,
            "name": "Value with ID #79",
            "config": [],
            "position": 1,
            "slot_id": null,
            "slot_view_type": null
        },
        {
            "id": "206a443c-30b8-574f-9afb-08cafeb4119a",
            "collection_id": "08937ca0-18f4-5806-84df-8c132c36cabe",
            "visible": true,
            "is_dynamic": false,
            "cms_url": "/value/72/some/url",
            "cms_visible": true,
            "value": 72,
            "value_type": "my_value_type",
            "item_view_type": null,
            "name": "Value with ID #72",
            "config": [],
            "position": 2,
            "slot_id": null,
            "slot_view_type": null
        },
        {
            "id": "f762d0f8-1ff2-54e6-bfe3-096b2c277d9d",
            "collection_id": "08937ca0-18f4-5806-84df-8c132c36cabe",
            "visible": true,
            "is_dynamic": false,
            "cms_url": "/value/73/some/url",
            "cms_visible": true,
            "value": 73,
            "value_type": "my_value_type",
            "item_view_type": null,
            "name": "Value with ID #73",
            "config": [],
            "position": 3,
            "slot_id": null,
            "slot_view_type": null
        },
        {
            "id": null,
            "collection_id": null,
            "visible": true,
            "is_dynamic": true,
            "cms_url": "/value/78/some/url",
            "cms_visible": true,
            "value": 78,
            "value_type": "my_value_type",
            "item_view_type": null,
            "name": "Value with ID #78",
            "config": [],
            "position": 4,
            "slot_id": null,
            "slot_view_type": null
        },
        {
            "id": "3562a253-72d1-54d1-8b31-ef1b55409cb5",
            "collection_id": "08937ca0-18f4-5806-84df-8c132c36cabe",
            "visible": true,
            "is_dynamic": false,
            "cms_url": "/value/74/some/url",
            "cms_visible": true,
            "value": 74,
            "value_type": "my_value_type",
            "item_view_type": null,
            "name": "Value with ID #74",
            "config": [],
            "position": 5,
            "slot_id": null,
            "slot_view_type": null
        }
    ],
    "overflow_items": []
}
